// Jest Snapshot v1, https://goo.gl/fbAQLP

exports[`snapshot test for home component 1`] = `
<ForwardRef(Styled(Container))>
  <h4>
     
    In√≠cio
     
  </h4>
</ForwardRef(Styled(Container))>
`;
